../drivers/Src/stm32f446_spi_driver.c:30:6:SPI_PeriClockControl	16	static
../drivers/Src/stm32f446_spi_driver.c:54:6:SPI_Init	24	static
../drivers/Src/stm32f446_spi_driver.c:101:6:SPI_DeInit	16	static
../drivers/Src/stm32f446_spi_driver.c:112:9:SPI_GetFlagStatus	16	static
../drivers/Src/stm32f446_spi_driver.c:123:6:SPI_SendData	24	static
../drivers/Src/stm32f446_spi_driver.c:148:6:SPI_ReceiveData	24	static
../drivers/Src/stm32f446_spi_driver.c:174:6:SPI_PeripheralControl	16	static
../drivers/Src/stm32f446_spi_driver.c:185:6:SPI_SSIConfig	16	static
../drivers/Src/stm32f446_spi_driver.c:197:6:SPI_SSOEConfig	16	static
../drivers/Src/stm32f446_spi_driver.c:209:6:SPI_IRQInterruptConfig	16	static
../drivers/Src/stm32f446_spi_driver.c:245:6:SPI_IRQPriorityConfig	40	static
../drivers/Src/stm32f446_spi_driver.c:255:6:SPI_IRQHandling	24	static
../drivers/Src/stm32f446_spi_driver.c:289:9:SPI_SendDataIT	32	static
../drivers/Src/stm32f446_spi_driver.c:307:9:SPI_ReceiveDataIT	32	static
../drivers/Src/stm32f446_spi_driver.c:327:13:SPI_TXEInterruptHandle	16	static
../drivers/Src/stm32f446_spi_driver.c:354:13:SPI_RXNEInterruptHandle	16	static
../drivers/Src/stm32f446_spi_driver.c:381:13:SPI_OVRInterruptHandle	24	static
../drivers/Src/stm32f446_spi_driver.c:396:6:SPI_CloseTransmission	16	static
../drivers/Src/stm32f446_spi_driver.c:403:6:SPI_CloseReception	16	static
../drivers/Src/stm32f446_spi_driver.c:410:6:SPI_ClearOVRFlag	24	static
../drivers/Src/stm32f446_spi_driver.c:418:28:SPI_ApplicationEventCallback	16	static
